==> ./tests/inputs/empty.txt <==

==> ./tests/inputs/one.txt <==

==> ./tests/inputs/two.txt <==

==> ./tests/inputs/three.txt <==

==> ./tests/inputs/ten.txt <==
